Linux 6.6.87.2-microsoft-standard-WSL2 (Nani) 	11/24/2025 	_x86_64_	(12 CPU)

09:01:34 AM  CPU    %usr   %nice    %sys %iowait    %irq   %soft  %steal  %guest  %gnice   %idle
09:01:35 AM    0    0.00    0.00    0.00    0.00    0.00   19.51    0.00    0.00    0.00   80.49

09:01:35 AM  CPU    %usr   %nice    %sys %iowait    %irq   %soft  %steal  %guest  %gnice   %idle
09:01:36 AM    0   14.94    0.00   28.74    0.00    0.00    3.45    0.00    0.00    0.00   52.87

09:01:36 AM  CPU    %usr   %nice    %sys %iowait    %irq   %soft  %steal  %guest  %gnice   %idle
09:01:37 AM    0   35.71    0.00   40.48    0.00    0.00   13.10    0.00    0.00    0.00   10.71

09:01:37 AM  CPU    %usr   %nice    %sys %iowait    %irq   %soft  %steal  %guest  %gnice   %idle
09:01:38 AM    0   35.53    0.00   32.89    0.00    0.00   17.11    0.00    0.00    0.00   14.47

09:01:38 AM  CPU    %usr   %nice    %sys %iowait    %irq   %soft  %steal  %guest  %gnice   %idle
09:01:39 AM    0   42.55    0.00   34.04    0.00    0.00   22.34    0.00    0.00    0.00    1.06

09:01:39 AM  CPU    %usr   %nice    %sys %iowait    %irq   %soft  %steal  %guest  %gnice   %idle
09:01:40 AM    0   45.12    0.00   29.27    0.00    0.00   15.85    0.00    0.00    0.00    9.76

09:01:40 AM  CPU    %usr   %nice    %sys %iowait    %irq   %soft  %steal  %guest  %gnice   %idle
09:01:41 AM    0   34.72    0.00   33.33    0.00    0.00    9.72    0.00    0.00    0.00   22.22

09:01:41 AM  CPU    %usr   %nice    %sys %iowait    %irq   %soft  %steal  %guest  %gnice   %idle
09:01:42 AM    0   16.42    0.00   26.87    0.00    0.00    5.97    0.00    0.00    0.00   50.75

09:01:42 AM  CPU    %usr   %nice    %sys %iowait    %irq   %soft  %steal  %guest  %gnice   %idle
09:01:43 AM    0   22.78    0.00   24.05    0.00    0.00    7.59    0.00    0.00    0.00   45.57

09:01:43 AM  CPU    %usr   %nice    %sys %iowait    %irq   %soft  %steal  %guest  %gnice   %idle
09:01:44 AM    0   13.85    0.00   23.08    0.00    0.00    3.08    0.00    0.00    0.00   60.00

09:01:44 AM  CPU    %usr   %nice    %sys %iowait    %irq   %soft  %steal  %guest  %gnice   %idle
09:01:45 AM    0   16.90    0.00   15.49    0.00    0.00    7.04    0.00    0.00    0.00   60.56

09:01:45 AM  CPU    %usr   %nice    %sys %iowait    %irq   %soft  %steal  %guest  %gnice   %idle
09:01:46 AM    0   14.55    0.00   21.82    0.00    0.00    3.64    0.00    0.00    0.00   60.00

09:01:46 AM  CPU    %usr   %nice    %sys %iowait    %irq   %soft  %steal  %guest  %gnice   %idle
09:01:47 AM    0   23.94    0.00   29.58    0.00    0.00   11.27    0.00    0.00    0.00   35.21

09:01:47 AM  CPU    %usr   %nice    %sys %iowait    %irq   %soft  %steal  %guest  %gnice   %idle
09:01:48 AM    0   33.80    0.00   25.35    0.00    0.00   15.49    0.00    0.00    0.00   25.35

09:01:48 AM  CPU    %usr   %nice    %sys %iowait    %irq   %soft  %steal  %guest  %gnice   %idle
09:01:49 AM    0   24.24    0.00   25.76    0.00    0.00    9.09    0.00    0.00    0.00   40.91

09:01:49 AM  CPU    %usr   %nice    %sys %iowait    %irq   %soft  %steal  %guest  %gnice   %idle
09:01:50 AM    0   36.99    0.00   32.88    0.00    0.00   12.33    0.00    0.00    0.00   17.81

09:01:50 AM  CPU    %usr   %nice    %sys %iowait    %irq   %soft  %steal  %guest  %gnice   %idle
09:01:51 AM    0   14.52    0.00   19.35    0.00    0.00    4.84    0.00    0.00    0.00   61.29

09:01:51 AM  CPU    %usr   %nice    %sys %iowait    %irq   %soft  %steal  %guest  %gnice   %idle
09:01:52 AM    0   29.49    0.00   20.51    0.00    0.00    8.97    0.00    0.00    0.00   41.03

09:01:52 AM  CPU    %usr   %nice    %sys %iowait    %irq   %soft  %steal  %guest  %gnice   %idle
09:01:53 AM    0   16.67    0.00   25.93    0.00    0.00    9.26    0.00    0.00    0.00   48.15

09:01:53 AM  CPU    %usr   %nice    %sys %iowait    %irq   %soft  %steal  %guest  %gnice   %idle
09:01:54 AM    0   42.53    0.00   31.03    0.00    0.00   11.49    0.00    0.00    0.00   14.94

09:01:54 AM  CPU    %usr   %nice    %sys %iowait    %irq   %soft  %steal  %guest  %gnice   %idle
09:01:55 AM    0   24.64    0.00   24.64    0.00    0.00   10.14    0.00    0.00    0.00   40.58

09:01:55 AM  CPU    %usr   %nice    %sys %iowait    %irq   %soft  %steal  %guest  %gnice   %idle
09:01:56 AM    0   41.76    0.00   28.57    0.00    0.00   14.29    0.00    0.00    0.00   15.38

09:01:56 AM  CPU    %usr   %nice    %sys %iowait    %irq   %soft  %steal  %guest  %gnice   %idle
09:01:57 AM    0   31.34    0.00   22.39    0.00    0.00    8.96    0.00    0.00    0.00   37.31

09:01:57 AM  CPU    %usr   %nice    %sys %iowait    %irq   %soft  %steal  %guest  %gnice   %idle
09:01:58 AM    0   25.64    0.00   23.08    0.00    0.00   14.10    0.00    0.00    0.00   37.18

09:01:58 AM  CPU    %usr   %nice    %sys %iowait    %irq   %soft  %steal  %guest  %gnice   %idle
09:01:59 AM    0   38.03    0.00   23.94    0.00    0.00   14.08    0.00    0.00    0.00   23.94

09:01:59 AM  CPU    %usr   %nice    %sys %iowait    %irq   %soft  %steal  %guest  %gnice   %idle
09:02:00 AM    0   34.21    0.00   34.21    0.00    0.00   13.16    0.00    0.00    0.00   18.42

09:02:00 AM  CPU    %usr   %nice    %sys %iowait    %irq   %soft  %steal  %guest  %gnice   %idle
09:02:01 AM    0   16.39    0.00   24.59    0.00    0.00    3.28    0.00    0.00    0.00   55.74

09:02:01 AM  CPU    %usr   %nice    %sys %iowait    %irq   %soft  %steal  %guest  %gnice   %idle
09:02:02 AM    0   32.50    0.00   22.50    0.00    0.00   18.75    0.00    0.00    0.00   26.25

09:02:02 AM  CPU    %usr   %nice    %sys %iowait    %irq   %soft  %steal  %guest  %gnice   %idle
09:02:03 AM    0   36.47    0.00   30.59    0.00    0.00   14.12    0.00    0.00    0.00   18.82

09:02:03 AM  CPU    %usr   %nice    %sys %iowait    %irq   %soft  %steal  %guest  %gnice   %idle
09:02:04 AM    0   40.96    0.00   33.73    0.00    0.00   14.46    0.00    0.00    0.00   10.84

09:02:04 AM  CPU    %usr   %nice    %sys %iowait    %irq   %soft  %steal  %guest  %gnice   %idle
09:02:05 AM    0   35.44    0.00   31.65    0.00    0.00   13.92    0.00    0.00    0.00   18.99

09:02:05 AM  CPU    %usr   %nice    %sys %iowait    %irq   %soft  %steal  %guest  %gnice   %idle
09:02:06 AM    0   19.40    0.00   19.40    0.00    0.00    4.48    0.00    0.00    0.00   56.72

09:02:06 AM  CPU    %usr   %nice    %sys %iowait    %irq   %soft  %steal  %guest  %gnice   %idle
09:02:07 AM    0   27.78    0.00   34.72    0.00    0.00   11.11    0.00    0.00    0.00   26.39

09:02:07 AM  CPU    %usr   %nice    %sys %iowait    %irq   %soft  %steal  %guest  %gnice   %idle
09:02:08 AM    0   27.69    0.00   30.77    0.00    0.00    9.23    0.00    0.00    0.00   32.31

09:02:08 AM  CPU    %usr   %nice    %sys %iowait    %irq   %soft  %steal  %guest  %gnice   %idle
09:02:09 AM    0   20.83    0.00   29.17    0.00    0.00    9.72    0.00    0.00    0.00   40.28

09:02:09 AM  CPU    %usr   %nice    %sys %iowait    %irq   %soft  %steal  %guest  %gnice   %idle
09:02:10 AM    0    9.52    0.00   17.46    0.00    0.00    4.76    0.00    0.00    0.00   68.25

09:02:10 AM  CPU    %usr   %nice    %sys %iowait    %irq   %soft  %steal  %guest  %gnice   %idle
09:02:11 AM    0   11.27    0.00   18.31    0.00    0.00    7.04    0.00    0.00    0.00   63.38

09:02:11 AM  CPU    %usr   %nice    %sys %iowait    %irq   %soft  %steal  %guest  %gnice   %idle
09:02:12 AM    0   36.25    0.00   28.75    0.00    0.00   10.00    0.00    0.00    0.00   25.00

09:02:12 AM  CPU    %usr   %nice    %sys %iowait    %irq   %soft  %steal  %guest  %gnice   %idle
09:02:13 AM    0   28.38    0.00   33.78    0.00    0.00    8.11    0.00    0.00    0.00   29.73

09:02:13 AM  CPU    %usr   %nice    %sys %iowait    %irq   %soft  %steal  %guest  %gnice   %idle
09:02:14 AM    0   29.33    0.00   25.33    0.00    0.00    9.33    0.00    0.00    0.00   36.00

09:02:14 AM  CPU    %usr   %nice    %sys %iowait    %irq   %soft  %steal  %guest  %gnice   %idle
09:02:15 AM    0   38.75    0.00   31.25    0.00    0.00   12.50    0.00    0.00    0.00   17.50

09:02:15 AM  CPU    %usr   %nice    %sys %iowait    %irq   %soft  %steal  %guest  %gnice   %idle
09:02:16 AM    0    3.19    0.00   10.64    0.00    0.00    0.00    0.00    0.00    0.00   86.17

09:02:16 AM  CPU    %usr   %nice    %sys %iowait    %irq   %soft  %steal  %guest  %gnice   %idle
09:02:17 AM    0    3.00    0.00    9.00    0.00    0.00    1.00    0.00    0.00    0.00   87.00

09:02:17 AM  CPU    %usr   %nice    %sys %iowait    %irq   %soft  %steal  %guest  %gnice   %idle
09:02:18 AM    0    4.08    0.00   11.22    0.00    0.00    0.00    0.00    0.00    0.00   84.69

09:02:18 AM  CPU    %usr   %nice    %sys %iowait    %irq   %soft  %steal  %guest  %gnice   %idle
09:02:19 AM    0    4.21    0.00    8.42    0.00    0.00    0.00    0.00    0.00    0.00   87.37

09:02:19 AM  CPU    %usr   %nice    %sys %iowait    %irq   %soft  %steal  %guest  %gnice   %idle
09:02:20 AM    0    2.06    0.00   15.46    0.00    0.00    1.03    0.00    0.00    0.00   81.44

09:02:20 AM  CPU    %usr   %nice    %sys %iowait    %irq   %soft  %steal  %guest  %gnice   %idle
09:02:21 AM    0    2.06    0.00    7.22    0.00    0.00    1.03    0.00    0.00    0.00   89.69

09:02:21 AM  CPU    %usr   %nice    %sys %iowait    %irq   %soft  %steal  %guest  %gnice   %idle
09:02:22 AM    0    2.06    0.00    8.25    0.00    0.00    0.00    0.00    0.00    0.00   89.69

09:02:22 AM  CPU    %usr   %nice    %sys %iowait    %irq   %soft  %steal  %guest  %gnice   %idle
09:02:23 AM    0    2.04    0.00    7.14    0.00    0.00    0.00    0.00    0.00    0.00   90.82

09:02:23 AM  CPU    %usr   %nice    %sys %iowait    %irq   %soft  %steal  %guest  %gnice   %idle
09:02:24 AM    0    2.00    0.00    8.00    0.00    0.00    0.00    0.00    0.00    0.00   90.00

09:02:24 AM  CPU    %usr   %nice    %sys %iowait    %irq   %soft  %steal  %guest  %gnice   %idle
09:02:25 AM    0    1.04    0.00    7.29    0.00    0.00    0.00    0.00    0.00    0.00   91.67

09:02:25 AM  CPU    %usr   %nice    %sys %iowait    %irq   %soft  %steal  %guest  %gnice   %idle
09:02:26 AM    0    7.14    0.00   12.24    0.00    0.00    2.04    0.00    0.00    0.00   78.57

09:02:26 AM  CPU    %usr   %nice    %sys %iowait    %irq   %soft  %steal  %guest  %gnice   %idle
09:02:27 AM    0    3.03    0.00    8.08    0.00    0.00    0.00    0.00    0.00    0.00   88.89

09:02:27 AM  CPU    %usr   %nice    %sys %iowait    %irq   %soft  %steal  %guest  %gnice   %idle
09:02:28 AM    0    1.03    0.00    5.15    0.00    0.00    0.00    0.00    0.00    0.00   93.81

09:02:28 AM  CPU    %usr   %nice    %sys %iowait    %irq   %soft  %steal  %guest  %gnice   %idle
09:02:29 AM    0    2.97    0.00   10.89    0.00    0.00    0.99    0.00    0.00    0.00   85.15

09:02:29 AM  CPU    %usr   %nice    %sys %iowait    %irq   %soft  %steal  %guest  %gnice   %idle
09:02:30 AM    0    2.11    0.00    7.37    0.00    0.00    0.00    0.00    0.00    0.00   90.53

09:02:30 AM  CPU    %usr   %nice    %sys %iowait    %irq   %soft  %steal  %guest  %gnice   %idle
09:02:31 AM    0    5.10    0.00   17.35    0.00    0.00    3.06    0.00    0.00    0.00   74.49

09:02:31 AM  CPU    %usr   %nice    %sys %iowait    %irq   %soft  %steal  %guest  %gnice   %idle
09:02:32 AM    0    1.02    0.00    9.18    0.00    0.00    1.02    0.00    0.00    0.00   88.78

09:02:32 AM  CPU    %usr   %nice    %sys %iowait    %irq   %soft  %steal  %guest  %gnice   %idle
09:02:33 AM    0    2.02    0.00   10.10    0.00    0.00    1.01    0.00    0.00    0.00   86.87

09:02:33 AM  CPU    %usr   %nice    %sys %iowait    %irq   %soft  %steal  %guest  %gnice   %idle
09:02:34 AM    0    1.02    0.00    8.16    0.00    0.00    0.00    0.00    0.00    0.00   90.82

09:02:34 AM  CPU    %usr   %nice    %sys %iowait    %irq   %soft  %steal  %guest  %gnice   %idle
09:02:35 AM    0    3.06    0.00    3.06    0.00    0.00    0.00    0.00    0.00    0.00   93.88

09:02:35 AM  CPU    %usr   %nice    %sys %iowait    %irq   %soft  %steal  %guest  %gnice   %idle
09:02:36 AM    0    2.80    0.00   12.15    0.00    0.00   17.76    0.00    0.00    0.00   67.29

09:02:36 AM  CPU    %usr   %nice    %sys %iowait    %irq   %soft  %steal  %guest  %gnice   %idle
09:02:37 AM    0    0.00    0.00   11.32    0.00    0.00   12.26    0.00    0.00    0.00   76.42

09:02:37 AM  CPU    %usr   %nice    %sys %iowait    %irq   %soft  %steal  %guest  %gnice   %idle
09:02:38 AM    0    1.04    0.00    5.21    0.00    0.00    0.00    0.00    0.00    0.00   93.75

09:02:38 AM  CPU    %usr   %nice    %sys %iowait    %irq   %soft  %steal  %guest  %gnice   %idle
09:02:39 AM    0    1.98    0.00    6.93    0.00    0.00    0.00    0.00    0.00    0.00   91.09

09:02:39 AM  CPU    %usr   %nice    %sys %iowait    %irq   %soft  %steal  %guest  %gnice   %idle
09:02:40 AM    0    1.02    0.00    7.14    0.00    0.00    0.00    0.00    0.00    0.00   91.84

09:02:40 AM  CPU    %usr   %nice    %sys %iowait    %irq   %soft  %steal  %guest  %gnice   %idle
09:02:41 AM    0   16.33    0.00   16.33    0.00    0.00    5.10    0.00    0.00    0.00   62.24

09:02:41 AM  CPU    %usr   %nice    %sys %iowait    %irq   %soft  %steal  %guest  %gnice   %idle
09:02:42 AM    0    0.00    0.00    4.17    0.00    0.00    0.00    0.00    0.00    0.00   95.83

09:02:42 AM  CPU    %usr   %nice    %sys %iowait    %irq   %soft  %steal  %guest  %gnice   %idle
09:02:43 AM    0    3.03    0.00    5.05    0.00    0.00    0.00    0.00    0.00    0.00   91.92

09:02:43 AM  CPU    %usr   %nice    %sys %iowait    %irq   %soft  %steal  %guest  %gnice   %idle
09:02:44 AM    0    1.03    0.00    5.15    0.00    0.00    0.00    0.00    0.00    0.00   93.81

09:02:44 AM  CPU    %usr   %nice    %sys %iowait    %irq   %soft  %steal  %guest  %gnice   %idle
09:02:45 AM    0    2.00    0.00    6.00    0.00    0.00    2.00    0.00    0.00    0.00   90.00
